
/mnt/f/postiz-app/node_modules/sharp/lib/sharp.js:113
  throw new Error(help.join('\n'));
        ^
Error: Could not load the "sharp" module using the linux-x64 runtime
Possible solutions:
- Ensure optional dependencies can be installed:
    npm install --include=optional sharp
- Ensure your package manager supports multi-platform installation:
    See https://sharp.pixelplumbing.com/install#cross-platform
- Add platform-specific dependencies:
    npm install --os=linux --cpu=x64 sharp
- Consult the installation documentation:
    See https://sharp.pixelplumbing.com/install
    at Object.<anonymous> (/mnt/f/postiz-app/node_modules/sharp/lib/sharp.js:113:9)
    at Module._compile (node:internal/modules/cjs/loader:1364:14)
    at Object.Module._extensions..js (node:internal/modules/cjs/loader:1422:10)
    at Module.load (node:internal/modules/cjs/loader:1203:32)
    at Function.Module._load (node:internal/modules/cjs/loader:1019:12)
    at Module.require (node:internal/modules/cjs/loader:1231:19)
    at require (node:internal/modules/helpers:177:18)
    at Object.<anonymous> (/mnt/f/postiz-app/node_modules/sharp/lib/constructor.js:10:1)
    at Module._compile (node:internal/modules/cjs/loader:1364:14)
    at Object.Module._extensions..js (node:internal/modules/cjs/loader:1422:10)
